
> tellora-media@0.1.0 build
> next build

  Γû▓ Next.js 14.2.35

   Creating an optimized production build ...
 Γ£ô Compiled successfully
   Linting and checking validity of types ...
   Collecting page data ...
   Generating static pages (0/29) ...
   Generating static pages (7/29) 
   Generating static pages (14/29) 
   Generating static pages (21/29) 
 Γ£ô Generating static pages (29/29)
   Finalizing page optimization ...
   Collecting build traces ...

Route (app)                              Size     First Load JS
Γöî Γùï /                                    23.2 kB         174 kB
Γö£ Γùï /_not-found                          151 B          87.5 kB
Γö£ Γùï /about                               4.88 kB         152 kB
Γö£ Γùï /admin                               513 B          87.9 kB
Γö£ Γùï /admin/analytics                     3.4 kB          129 kB
Γö£ Γùï /admin/case-studies                  6.85 kB         132 kB
Γö£ Γùï /admin/dashboard                     6.45 kB         135 kB
Γö£ Γùï /admin/ig-preview                    3.23 kB        99.3 kB
Γö£ ΓùÅ /admin/ig-preview/[slug]             2.66 kB          90 kB
Γö£   Γöö /admin/ig-preview/no-profiles
Γö£ Γùï /admin/inbox                         7.75 kB         133 kB
Γö£ Γùï /admin/instagram                     9.97 kB         139 kB
Γö£ Γùï /admin/login                         2.34 kB         128 kB
Γö£ Γùï /admin/recruitment                   7.57 kB         133 kB
Γö£ Γùï /admin/reels                         7.49 kB         133 kB
Γö£ Γùï /admin/services                      6.93 kB         133 kB
Γö£ Γùï /admin/settings                      10.3 kB         136 kB
Γö£ Γùï /admin/team                          5.9 kB          131 kB
Γö£ ╞Æ /api/ig/profiles                     0 B                0 B
Γö£ ΓùÅ /api/ig/profiles/[slug]              0 B                0 B
Γö£   Γöö /api/ig/profiles/no-profiles
Γö£ Γùï /blog                                3.39 kB         150 kB
Γö£ Γùï /careers                             10.1 kB         161 kB
Γö£ Γùï /case-studies                        4.81 kB         156 kB
Γö£ Γùï /contact                             5.34 kB         152 kB
Γö£ Γùï /instagram-preview                   151 B          87.5 kB
Γö£ ΓùÅ /instagram-preview/[slug]            151 B          87.5 kB
Γö£   Γöö /instagram-preview/no-profiles
Γö£ Γùï /preview/instagram                   7.46 kB         136 kB
Γöö Γùï /services                            6.61 kB         157 kB
+ First Load JS shared by all            87.4 kB
  Γö£ chunks/2117-cab3b70db5668c7c.js      31.8 kB
  Γö£ chunks/fd9d1056-d27c681e1447b928.js  53.6 kB
  Γöö other shared chunks (total)          1.96 kB


Γùï  (Static)   prerendered as static content
ΓùÅ  (SSG)      prerendered as static HTML (uses getStaticProps)
╞Æ  (Dynamic)  server-rendered on demand


> tellora-media@0.1.0 postbuild
> node -e "if (require('fs').existsSync('out')) require('fs').writeFileSync('out/.nojekyll', '')"

